12:21:22: Fire _ready() called. Node path: /root/sandbox/fireEffect
12:21:23: Area3D found, monitoring set to true, mask: 4294967295
12:21:23: Body entered fire Area3D: StaticBody3D (Group 'player': false)
12:22:12: Body entered fire Area3D: Player (Group 'player': true)
12:22:12: Player successfully set in range.
12:22:13: Resetting extinguish progress.
12:22:16: Fire extinguished completely!
12:22:16: Finishing extinguish.
12:22:16: Resetting extinguish progress.
12:22:16: Body exited fire Area3D: StaticBody3D
12:22:16: Body exited fire Area3D: Player
12:22:16: Player exited range.
15:26:26: Fire _ready() called. Node path: /root/sandbox/fireEffect
15:26:26: Area3D found, monitoring set to true, mask: 4294967295
15:26:27: Body entered fire Area3D: StaticBody3D (Group 'player': false)
15:26:47: Body entered fire Area3D: Player (Group 'player': true)
15:26:47: Player successfully set in range.
15:26:50: Fire extinguished completely!
15:26:50: Finishing extinguish.
15:26:50: Resetting extinguish progress.
15:26:50: Body exited fire Area3D: StaticBody3D
15:26:50: Body exited fire Area3D: Player
15:26:50: Player exited range.
16:50:51: Fire _ready() called. Node path: /root/sandbox/fireEffect
16:50:51: Area3D found, monitoring set to true, mask: 4294967295
16:50:51: Body entered fire Area3D: StaticBody3D (Group 'player': false)
16:55:02: Body entered fire Area3D: Player (Group 'player': true)
16:55:02: Player successfully set in range.
16:55:09: Body exited fire Area3D: Player
16:55:09: Player exited range.
16:56:42: Body exited fire Area3D: StaticBody3D
17:20:23: Fire _ready() called. Node path: /root/sandbox/fireEffect
17:20:23: Area3D found, monitoring set to false initially
17:22:58: Fire _ready() called. Node path: /root/sandbox/fireEffect
17:22:58: Area3D found, monitoring set to false initially
17:27:04: Fire _ready() called. Node path: /root/sandbox/fireEffect
17:27:04: Area3D found, monitoring set to false initially
17:29:54: Fire _ready() called. Node path: /root/sandbox/fireEffect
17:29:54: Area3D found, monitoring set to false initially
17:34:17: Fire event requested. Activating fire.
17:34:18: Body entered fire Area3D: StaticBody3D (Group 'player': false)
17:34:42: Body entered fire Area3D: Player (Group 'player': true)
17:34:42: Player successfully set in range.
17:34:45: Fire extinguished completely!
17:34:45: Finishing extinguish.
17:34:45: Resetting extinguish progress.
17:34:46: Body exited fire Area3D: StaticBody3D
17:34:46: Body exited fire Area3D: Player
17:34:46: Player exited range.
17:47:05: Fire _ready() called. Node path: /root/sandbox/fireEffect
17:47:05: Area3D found, monitoring set to false initially
17:50:08: Fire _ready() called. Node path: /root/sandbox/fireEffect
17:50:08: Area3D found, monitoring set to false initially
17:55:00: Fire event requested. Activating fire.
17:55:00: Body entered fire Area3D: StaticBody3D (Group 'player': false)
17:55:12: Body exited fire Area3D: StaticBody3D
18:03:09: Fire _ready() called. Node path: /root/sandbox/fireEffect
18:03:09: Area3D found, monitoring set to false initially
18:10:03: Fire _ready() called. Node path: /root/sandbox/fireEffect
18:10:03: Area3D found, monitoring set to false initially
18:17:02: Fire event requested. Activating fire.
18:17:02: Body entered fire Area3D: StaticBody3D (Group 'player': false)
18:17:56: Body entered fire Area3D: Player (Group 'player': true)
18:17:57: Player successfully set in range.
18:18:00: Fire extinguished completely!
18:18:00: Finishing extinguish.
18:18:00: Resetting extinguish progress.
18:18:00: Body exited fire Area3D: StaticBody3D
18:18:00: Body exited fire Area3D: Player
18:18:00: Player exited range.
18:18:57: Fire _ready() called. Node path: /root/sandbox/fireEffect
18:18:57: Area3D found, monitoring set to false initially
18:21:26: Fire _ready() called. Node path: /root/sandbox/fireEffect
18:21:26: Area3D found, monitoring set to false initially
18:30:51: Fire _ready() called. Node path: /root/sandbox/fireEffect
18:30:51: Area3D found, monitoring set to false initially
18:31:16: Fire _ready() called. Node path: /root/sandbox/fireEffect
18:31:16: Area3D found, monitoring set to false initially
18:37:17: Fire _ready() called. Node path: /root/sandbox/fireEffect
18:37:17: Area3D found, monitoring set to false initially
18:40:06: Fire _ready() called. Node path: /root/sandbox/fireEffect
18:40:06: Area3D found, monitoring set to false initially
18:44:18: Fire event requested. Activating fire.
18:44:18: Body entered fire Area3D: StaticBody3D (Group 'player': false)
18:44:55: Body entered fire Area3D: Player (Group 'player': true)
18:44:55: Player successfully set in range.
18:44:59: Fire extinguished completely!
18:44:59: Finishing extinguish.
18:44:59: Resetting extinguish progress.
18:44:59: Body exited fire Area3D: StaticBody3D
18:44:59: Body exited fire Area3D: Player
18:44:59: Player exited range.
18:46:25: Fire _ready() called. Node path: /root/sandbox/fireEffect
18:46:25: Area3D found, monitoring set to false initially
18:51:55: Fire _ready() called. Node path: /root/sandbox/fireEffect
18:51:55: Area3D found, monitoring set to false initially
18:56:00: Fire _ready() called. Node path: /root/sandbox/fireEffect
18:56:00: Area3D found, monitoring set to false initially
18:59:50: Fire _ready() called. Node path: /root/sandbox/fireEffect
18:59:50: Area3D found, monitoring set to false initially
19:05:28: Fire _ready() called. Node path: /root/sandbox/fireEffect
19:05:28: Area3D found, monitoring set to false initially
19:08:16: Fire _ready() called. Node path: /root/sandbox/fireEffect
19:08:16: Area3D found, monitoring set to false initially
19:11:35: Fire event requested. Activating fire.
19:11:35: Body entered fire Area3D: StaticBody3D (Group 'player': false)
19:11:57: Body entered fire Area3D: Player (Group 'player': true)
19:11:57: Player successfully set in range.
19:12:01: Fire extinguished completely!
19:12:01: Finishing extinguish.
19:12:01: Resetting extinguish progress.
19:12:01: Body exited fire Area3D: StaticBody3D
19:12:01: Body exited fire Area3D: Player
19:12:01: Player exited range.
06:33:55: Fire _ready() called. Node path: /root/sandbox/fireEffect
06:33:55: Area3D found, monitoring set to false initially
08:26:12: Fire _ready() called. Node path: /root/sandbox/fireEffect
08:26:12: Area3D found, monitoring set to false initially
08:31:04: Fire _ready() called. Node path: /root/sandbox/fireEffect
08:31:04: Area3D found, monitoring set to false initially
08:31:45: Fire _ready() called. Node path: /root/sandbox/fireEffect
08:31:45: Area3D found, monitoring set to false initially
08:39:20: Fire _ready() called. Node path: /root/sandbox/fireEffect
08:39:20: Area3D found, monitoring set to false initially
08:44:12: Fire _ready() called. Node path: /root/sandbox/fireEffect
08:44:12: Area3D found, monitoring set to false initially
08:53:43: Fire _ready() called. Node path: /root/sandbox/fireEffect
08:53:43: Area3D found, monitoring set to false initially
09:04:27: Fire _ready() called. Node path: /root/sandbox/fireEffect
09:04:27: Area3D found, monitoring set to false initially
06:44:56: Fire _ready() called. Node path: /root/sandbox/fireEffect
06:44:56: Area3D found, monitoring set to false initially
06:49:37: Fire _ready() called. Node path: /root/sandbox/fireEffect
06:49:37: Area3D found, monitoring set to false initially
06:54:59: Fire _ready() called. Node path: /root/sandbox/fireEffect
06:54:59: Area3D found, monitoring set to false initially
06:59:58: Fire _ready() called. Node path: /root/sandbox/fireEffect
06:59:58: Area3D found, monitoring set to false initially
07:00:26: Fire _ready() called. Node path: /root/sandbox/fireEffect
07:00:26: Area3D found, monitoring set to false initially
07:03:04: Fire _ready() called. Node path: /root/sandbox/fireEffect
07:03:04: Area3D found, monitoring set to false initially
07:14:41: Fire _ready() called. Node path: /root/sandbox/fireEffect
07:14:41: Area3D found, monitoring set to false initially
07:17:08: Fire _ready() called. Node path: /root/sandbox/fireEffect
07:17:08: Area3D found, monitoring set to false initially
07:19:36: Fire _ready() called. Node path: /root/sandbox/fireEffect
07:19:36: Area3D found, monitoring set to false initially
07:25:03: Fire _ready() called. Node path: /root/sandbox/fireEffect
07:25:03: Area3D found, monitoring set to false initially
08:45:02: Fire _ready() called. Node path: /root/sandbox/fireEffect
08:45:02: Area3D found, monitoring set to false initially
08:48:03: Fire _ready() called. Node path: /root/sandbox/fireEffect
08:48:03: Area3D found, monitoring set to false initially
17:13:37: Fire _ready() called. Node path: /root/sandbox/fireEffect
17:13:37: Area3D found, monitoring set to false initially
17:16:13: Fire _ready() called. Node path: /root/sandbox/fireEffect
17:16:13: Area3D found, monitoring set to false initially
17:24:47: Fire _ready() called. Node path: /root/sandbox/fireEffect
17:24:47: Area3D found, monitoring set to false initially
17:27:27: Fire _ready() called. Node path: /root/sandbox/fireEffect
17:27:27: Area3D found, monitoring set to false initially
17:36:12: Fire _ready() called. Node path: /root/sandbox/fireEffect
17:36:12: Area3D found, monitoring set to false initially
17:38:47: Fire _ready() called. Node path: /root/sandbox/fireEffect
17:38:47: Area3D found, monitoring set to false initially
17:41:12: Fire _ready() called. Node path: /root/sandbox/fireEffect
17:41:12: Area3D found, monitoring set to false initially
17:43:32: Fire _ready() called. Node path: /root/sandbox/fireEffect
17:43:32: Area3D found, monitoring set to false initially
11:13:57: Fire _ready() called. Node path: /root/sandbox/fireEffect
11:13:57: Area3D found, monitoring set to false initially
11:32:48: Fire _ready() called. Node path: /root/sandbox/fireEffect
11:32:48: Area3D found, monitoring set to false initially
11:34:16: Fire _ready() called. Node path: /root/sandbox/fireEffect
11:34:16: Area3D found, monitoring set to false initially
11:39:10: Fire _ready() called. Node path: /root/sandbox/fireEffect
11:39:10: Area3D found, monitoring set to false initially
11:47:32: Fire _ready() called. Node path: /root/sandbox/fireEffect
11:47:32: Area3D found, monitoring set to false initially
16:06:57: Fire _ready() called. Node path: /root/sandbox/fireEffect
16:06:57: Area3D found, monitoring set to false initially
15:34:14: Fire _ready() called. Node path: /root/sandbox/fireEffect
15:34:14: Area3D found, monitoring set to false initially
15:43:28: Fire _ready() called. Node path: /root/sandbox/fireEffect
15:43:28: Area3D found, monitoring set to false initially
16:24:58: Fire _ready() called. Node path: /root/sandbox/fireEffect
16:24:58: Area3D found, monitoring set to false initially
16:27:19: Fire _ready() called. Node path: /root/sandbox/fireEffect
16:27:19: Area3D found, monitoring set to false initially
16:40:43: Fire _ready() called. Node path: /root/sandbox/fireEffect
16:40:43: Area3D found, monitoring set to false initially
10:01:59: Fire _ready() called. Node path: /root/sandbox/fireEffect
10:01:59: Area3D found, monitoring set to false initially
10:11:04: Fire _ready() called. Node path: /root/sandbox/fireEffect
10:11:04: Area3D found, monitoring set to false initially
10:11:31: Fire _ready() called. Node path: /root/sandbox/fireEffect
10:11:31: Area3D found, monitoring set to false initially
10:15:58: Fire _ready() called. Node path: /root/sandbox/fireEffect
10:15:58: Area3D found, monitoring set to false initially
10:19:47: Fire event requested. Activating fire.
10:19:47: Body entered fire Area3D: StaticBody3D (Group 'player': false)
10:20:22: Body entered fire Area3D: Player (Group 'player': true)
10:20:22: Player successfully set in range.
10:20:25: Body entered fire Area3D: RigidBody3D (Group 'player': false)
10:20:27: Body exited fire Area3D: RigidBody3D
10:20:29: Body entered fire Area3D: RigidBody3D (Group 'player': false)
10:20:29: Body exited fire Area3D: Player
10:20:29: Player exited range.
10:20:30: Body entered fire Area3D: Player (Group 'player': true)
10:20:30: Player successfully set in range.
10:20:31: Body exited fire Area3D: Player
10:20:31: Player exited range.
10:20:42: Body exited fire Area3D: RigidBody3D
10:20:48: Body entered fire Area3D: RigidBody3D (Group 'player': false)
10:20:52: Body exited fire Area3D: RigidBody3D
10:20:53: Body entered fire Area3D: Player (Group 'player': true)
10:20:53: Player successfully set in range.
10:20:59: Fire extinguished completely!
10:20:59: Finishing extinguish.
10:20:59: Resetting extinguish progress.
10:20:59: Body exited fire Area3D: StaticBody3D
10:20:59: Body exited fire Area3D: Player
10:20:59: Player exited range.
10:22:40: Fire _ready() called. Node path: /root/sandbox/fireEffect
10:22:41: Area3D found, monitoring set to false initially
10:25:15: Fire _ready() called. Node path: /root/sandbox/fireEffect
10:25:15: Area3D found, monitoring set to false initially
17:16:19: Fire _ready() called. Node path: /root/sandbox/fireEffect
17:16:19: Area3D found, monitoring set to false initially
17:37:07: Fire _ready() called. Node path: /root/sandbox/fireEffect
17:37:07: Area3D found, monitoring set to false initially
05:31:30: Fire _ready() called. Node path: /root/sandbox/fireEffect
05:31:30: Area3D found, monitoring set to false initially
05:32:48: Fire _ready() called. Node path: /root/sandbox/fireEffect
05:32:48: Area3D found, monitoring set to false initially
05:33:39: Fire _ready() called. Node path: /root/sandbox/fireEffect
05:33:39: Area3D found, monitoring set to false initially
05:35:53: Fire _ready() called. Node path: /root/sandbox/fireEffect
05:35:53: Area3D found, monitoring set to false initially
05:36:43: Fire _ready() called. Node path: /root/sandbox/fireEffect
05:36:43: Area3D found, monitoring set to false initially
05:47:12: Fire _ready() called. Node path: /root/sandbox/fireEffect
05:47:12: Area3D found, monitoring set to false initially
06:09:37: Fire _ready() called. Node path: /root/sandbox/fireEffect
06:09:37: Area3D found, monitoring set to false initially
06:20:23: Fire _ready() called. Node path: /root/sandbox/fireEffect
06:20:23: Area3D found, monitoring set to false initially
06:27:10: Fire _ready() called. Node path: /root/sandbox/fireEffect
06:27:10: Area3D found, monitoring set to false initially
06:32:14: Fire event requested. Activating fire.
06:32:15: Body entered fire Area3D: StaticBody3D (Group 'player': false)
06:32:35: Body entered fire Area3D: Player (Group 'player': true)
06:32:35: Player successfully set in range.
06:32:39: Fire extinguished completely!
06:32:39: Finishing extinguish.
06:32:39: Resetting extinguish progress.
06:32:39: Body exited fire Area3D: StaticBody3D
06:32:39: Body exited fire Area3D: Player
06:32:39: Player exited range.
06:36:55: Fire _ready() called. Node path: /root/sandbox/fireEffect
06:36:55: Area3D found, monitoring set to false initially
06:44:24: Fire event requested. Activating fire.
06:44:24: Body entered fire Area3D: StaticBody3D (Group 'player': false)
06:44:48: Body entered fire Area3D: Player (Group 'player': true)
06:44:48: Player successfully set in range.
06:44:51: Fire extinguished completely!
06:44:51: Finishing extinguish.
06:44:51: Resetting extinguish progress.
06:44:51: Body exited fire Area3D: StaticBody3D
06:44:52: Body exited fire Area3D: Player
06:44:52: Player exited range.
06:46:50: Fire _ready() called. Node path: /root/sandbox/fireEffect
06:46:50: Area3D found, monitoring set to false initially
06:56:49: Fire _ready() called. Node path: /root/sandbox/fireEffect
06:56:49: Area3D found, monitoring set to false initially
06:58:45: Fire _ready() called. Node path: /root/sandbox/fireEffect
06:58:45: Area3D found, monitoring set to false initially
07:06:09: Fire _ready() called. Node path: /root/sandbox/fireEffect
07:06:09: Area3D found, monitoring set to false initially
07:10:20: Fire _ready() called. Node path: /root/sandbox/fireEffect
07:10:20: Area3D found, monitoring set to false initially
07:14:31: Fire _ready() called. Node path: /root/sandbox/fireEffect
07:14:31: Area3D found, monitoring set to false initially
07:19:31: Fire _ready() called. Node path: /root/sandbox/fireEffect
07:19:31: Area3D found, monitoring set to false initially
07:20:06: Fire _ready() called. Node path: /root/sandbox/fireEffect
07:20:06: Area3D found, monitoring set to false initially
07:37:21: Fire _ready() called. Node path: /root/sandbox/fireEffect
07:37:21: Area3D found, monitoring set to false initially
08:00:25: Fire _ready() called. Node path: /root/sandbox/fireEffect
08:00:25: Area3D found, monitoring set to false initially
08:00:54: Fire _ready() called. Node path: /root/sandbox/fireEffect
08:00:54: Area3D found, monitoring set to false initially
08:04:04: Fire _ready() called. Node path: /root/sandbox/fireEffect
08:04:04: Area3D found, monitoring set to false initially
08:07:55: Fire _ready() called. Node path: /root/sandbox/fireEffect
08:07:55: Area3D found, monitoring set to false initially
09:44:03: Fire _ready() called. Node path: /root/sandbox/fireEffect
09:44:03: Area3D found, monitoring set to false initially
13:11:46: Fire _ready() called. Node path: /root/sandbox/fireEffect
13:11:46: Area3D found, monitoring set to false initially
15:56:55: Fire _ready() called. Node path: /root/sandbox/fireEffect
15:56:55: Area3D found, monitoring set to false initially
16:09:42: Fire _ready() called. Node path: /root/sandbox/fireEffect
16:09:42: Area3D found, monitoring set to false initially
16:15:01: Fire _ready() called. Node path: /root/sandbox/fireEffect
16:15:01: Area3D found, monitoring set to false initially
16:23:55: Fire _ready() called. Node path: /root/sandbox/fireEffect
16:23:55: Area3D found, monitoring set to false initially
